// Jest Snapshot v1, https://goo.gl/fbAQLP

exports[`should render all categories  1`] = `
<div>
  Loading...
</div>
`;
